// Jest Snapshot v1, https://goo.gl/fbAQLP

exports[`renders correctly 1`] = `
<RNSVGSvgView
  bbHeight={250}
  bbWidth={200}
  focusable={false}
  height={250}
  style={
    [
      {
        "backgroundColor": "transparent",
        "borderWidth": 0,
      },
      {
        "flex": 0,
        "height": 250,
        "width": 200,
      },
    ]
  }
  width={200}
>
  <RNSVGGroup
    fill={
      {
        "payload": 4278190080,
        "type": 0,
      }
    }
  />
</RNSVGSvgView>
`;
